// Jest Snapshot v1, https://goo.gl/fbAQLP

exports[`strategy Strategy class auto unapply should automatically determine and apply unapply method to given file 1`] = `
Object {
  "baz": "foo",
}
`;

exports[`strategy Strategy class auto unapply should automatically determine and apply unapply method to given file 2`] = `
"baz: foo
"
`;

exports[`strategy Strategy class should automatically determine and apply merge method to given file 1`] = `
"foo: baz
bar:
  - foo: foo
baz:
  - foo: bar
    bar: baz
"
`;

exports[`strategy Strategy class should merge JSON configs 1`] = `
Object {
  "bar": Object {
    "foo": "foo",
  },
  "baz": Object {
    "bar": "baz",
    "foo": "bar",
  },
  "foo": "baz",
}
`;

exports[`strategy Strategy class should merge YAML configs 1`] = `
"foo: baz
bar:
  - foo: foo
baz:
  - foo: bar
    bar: baz
"
`;

exports[`strategy Strategy class unapply JSON should return object without applied properties from second object 1`] = `
Object {
  "baz": "foo",
}
`;

exports[`strategy Strategy class unapply YAML should return YAML string without applied properties from second YAML 1`] = `
"baz: foo
"
`;
