// Jest Snapshot v1, https://goo.gl/fbAQLP

exports[`strategies withYaml should process yaml input with strategy 1`] = `
"env:
  browser: true
  es6: true
  node: true
  jest: true
globals:
  foo: true
  bar: true
extends: airbnb
rules:
  space-before-function-paren: 1
  no-console: 0
  max-len:
    - warn
    - 120
    - 4
    - ignoreUrls: false
      ignoreComments: true
      ignoreStrings: false
parserOptions:
  parser: babel-eslint
  ecmaVersion: 7
  ecmaFeatures:
    spread: true
  sourceType: module
"
`;
