// Jest Snapshot v1, https://goo.gl/fbAQLP

exports[`utils > yaml fromYaml should convert yaml string to json 1`] = `
Object {
  "env": Object {
    "browser": true,
    "es6": true,
    "jest": true,
    "node": true,
  },
  "extends": "standard",
  "globals": Object {
    "bar": true,
    "foo": true,
  },
  "parserOptions": Object {
    "ecmaFeatures": Object {
      "spread": true,
    },
    "ecmaVersion": 8,
    "parser": "babel-eslint",
    "sourceType": "module",
  },
  "rules": Object {
    "max-len": Array [
      "warn",
      80,
      2,
      Object {
        "ignoreComments": false,
        "ignoreStrings": true,
        "ignoreTemplateLiterals": false,
        "ignoreUrls": true,
      },
    ],
  },
}
`;

exports[`utils > yaml toYaml should convert json or js-object to yaml string 1`] = `
"env:
  browser: true
  es6: true
  node: true
  jest: true
globals:
  foo: true
  bar: true
extends: standard
rules:
  max-len:
    - warn
    - 80
    - 2
    - ignoreUrls: true
      ignoreComments: false
      ignoreStrings: true
      ignoreTemplateLiterals: false
parserOptions:
  parser: babel-eslint
  ecmaVersion: 8
  ecmaFeatures:
    spread: true
  sourceType: module
"
`;
