// Jest Snapshot v1, https://goo.gl/fbAQLP

exports[`tasks > init > should inject postinstall and uninstall hooks to the target project package.json 1`] = `
Object {
  "name": "awesome-project",
  "scripts": Object {
    "postinstall": "sharec install",
    "preuninstall": "sharec remove",
  },
}
`;

exports[`tasks > init > should not do anything if hooks already injected 1`] = `
Object {
  "name": "awesome-project",
  "scripts": Object {
    "postinstall": "sharec install",
    "preuninstall": "sharec remove",
  },
}
`;
