// Jest Snapshot v1, https://goo.gl/fbAQLP

exports[`tasks > remove > should remove configuration from all files in the target project 1`] = `
"env:
  node: false
extends: standard
globals:
  baz: true
rules:
  max-len:
    - warn
    - 80
    - 2
  sort-imports: 0
"
`;

exports[`tasks > remove > should remove configuration from all files in the target project 2`] = `
Object {
  "env": Object {
    "test": Object {
      "presets": Array [
        "stage-3",
      ],
    },
  },
  "plugins": Array [
    Array [
      "syntax-dynamic-import",
      Object {
        "foo": "baz",
      },
    ],
  ],
  "presets": Array [
    Array [
      "env",
      Object {
        "modules": false,
        "targets": Object {
          "browsers": Array [
            "> 1%",
            "last 2 versions",
            "not ie > 0",
          ],
        },
      },
    ],
  ],
}
`;

exports[`tasks > remove > should remove configuration from all files in the target project 3`] = `
Object {
  "config": Object {
    "commitizen": Object {
      "path": "cz-conventional-changelog",
    },
  },
  "devDependencies": Object {
    "@commitlint/cli": "^7.6.1",
    "cz-conventional-changelog": "^2.1.0",
    "eslint-config-prettier": "^4.2.0",
  },
  "eslintConfig": Object {
    "env": Object {
      "node": false,
    },
    "extends": "standard",
    "globals": Object {
      "baz": true,
    },
    "rules": Object {
      "max-len": Array [
        "warn",
        80,
        2,
      ],
      "sort-imports": 0,
    },
  },
  "eslintIgnore": Array [
    "/node_modules",
  ],
  "husky": Object {
    "hooks": Object {
      "commit-msg": "commitlint -E",
      "pre-commit": "lint-staged",
    },
  },
  "lint-staged": Object {
    "src/**/*.{js,json}": Array [
      "eslint --fix",
      "prettier --write",
      "git add",
    ],
  },
  "name": "awesome-project",
  "prettier": Object {
    "semi": false,
    "singleQuote": true,
    "trailingComma": "all",
  },
  "scripts": Object {
    "commit": "git-cz",
    "lint": "eslint 'src/**/*.{jsx,json}'",
    "lint-staged": "lint-staged",
  },
}
`;

exports[`tasks > remove > should remove configuration from package.json in the target project 1`] = `
Object {
  "config": Object {
    "commitizen": Object {
      "path": "cz-conventional-changelog",
    },
  },
  "devDependencies": Object {
    "@commitlint/cli": "^7.6.1",
    "cz-conventional-changelog": "^2.1.0",
    "eslint-config-prettier": "^4.2.0",
  },
  "eslintConfig": Object {
    "env": Object {
      "node": false,
    },
    "extends": "standard",
    "globals": Object {
      "baz": true,
    },
    "rules": Object {
      "max-len": Array [
        "warn",
        80,
        2,
      ],
      "sort-imports": 0,
    },
  },
  "eslintIgnore": Array [
    "/node_modules",
  ],
  "husky": Object {
    "hooks": Object {
      "commit-msg": "commitlint -E",
      "pre-commit": "lint-staged",
    },
  },
  "lint-staged": Object {
    "src/**/*.{js,json}": Array [
      "eslint --fix",
      "prettier --write",
      "git add",
    ],
  },
  "name": "awesome-project",
  "prettier": Object {
    "semi": false,
    "singleQuote": true,
    "trailingComma": "all",
  },
  "scripts": Object {
    "commit": "git-cz",
    "lint": "eslint 'src/**/*.{jsx,json}'",
    "lint-staged": "lint-staged",
  },
}
`;

exports[`tasks > remove > should remove configuration from the target project and delete all empty 1`] = `Object {}`;

exports[`tasks > remove > should remove configuration from the target project and delete all empty 2`] = `
Object {
  "env": Object {
    "node": false,
  },
  "extends": "standard",
  "globals": Object {
    "baz": true,
  },
  "rules": Object {
    "max-len": Array [
      "warn",
      80,
      2,
    ],
    "sort-imports": 0,
  },
}
`;

exports[`tasks > remove > should remove configuration from the target project and delete all empty 3`] = `
Object {
  "env": Object {
    "test": Object {
      "presets": Array [
        "stage-3",
      ],
    },
  },
  "plugins": Array [
    Array [
      "syntax-dynamic-import",
      Object {
        "foo": "baz",
      },
    ],
  ],
  "presets": Array [
    Array [
      "env",
      Object {
        "modules": false,
        "targets": Object {
          "browsers": Array [
            "> 1%",
            "last 2 versions",
            "not ie > 0",
          ],
        },
      },
    ],
  ],
}
`;
