// Jest Snapshot v1, https://goo.gl/fbAQLP

exports[`commands > install > configuration processing valid cases should merge all configs from target path 1`] = `"bar"`;

exports[`commands > install > configuration processing valid cases should merge all configs from target path 2`] = `
"{
  \\"ignore\\": [
    \\"*.babelrc\\"
  ],
  \\"presets\\": [
    [
      \\"env\\",
      {
        \\"modules\\": false,
        \\"targets\\": {
          \\"browsers\\": [
            \\"> 1%\\",
            \\"last 2 versions\\",
            \\"not ie > 0\\"
          ]
        }
      }
    ],
    \\"stage-2\\"
  ],
  \\"plugins\\": [
    [
      \\"syntax-dynamic-import\\",
      {
        \\"foo\\": \\"bar\\"
      }
    ],
    \\"lodash\\"
  ],
  \\"env\\": {
    \\"test\\": {
      \\"presets\\": [
        \\"env\\",
        \\"stage-2\\"
      ],
      \\"plugins\\": [
        \\"dynamic-import-node\\"
      ]
    }
  }
}"
`;

exports[`commands > install > configuration processing valid cases should merge all configs from target path 3`] = `
Object {
  "env": Object {
    "browser": true,
    "es6": true,
    "jest": true,
    "node": true,
  },
  "extends": "airbnb",
  "globals": Object {
    "bar": true,
    "foo": true,
  },
  "parserOptions": Object {
    "ecmaFeatures": Object {
      "spread": true,
    },
    "ecmaVersion": 7,
    "parser": "babel-eslint",
    "sourceType": "module",
  },
  "rules": Object {
    "max-len": Array [
      "warn",
      120,
      4,
      Object {
        "ignoreComments": true,
        "ignoreStrings": false,
        "ignoreUrls": false,
      },
    ],
    "no-console": 0,
    "space-before-function-paren": 1,
  },
}
`;

exports[`commands > install > configuration processing valid cases should merge all configs from target path 4`] = `
"env:
  browser: true
  es6: true
  node: true
  jest: true
globals:
  foo: true
  bar: true
extends: airbnb
parserOptions:
  parser: babel-eslint
  ecmaVersion: 7
  ecmaFeatures:
    spread: true
  sourceType: module
rules:
  space-before-function-paren: 1
  no-console: 0
  max-len:
    - warn
    - 120
    - 4
    - ignoreUrls: false
      ignoreComments: true
      ignoreStrings: false
"
`;

exports[`commands > install > configuration processing valid cases should merge all configs from target path 5`] = `
"{
  \\"name\\": \\"my-awesome-package\\",
  \\"scripts\\": {
    \\"commit\\": \\"\\",
    \\"lint\\": \\"eslint 'src/**/*.{js,jsx,json}'\\",
    \\"lint-staged\\": \\"lint-staged\\"
  },
  \\"dependencies\\": {
    \\"react\\": \\"16.0.0\\"
  },
  \\"lint-staged\\": {
    \\"src/**/*.{js,jsx,json}\\": [
      \\"eslint --fix\\",
      \\"prettier --write\\",
      \\"git add\\"
    ]
  },
  \\"husky\\": {
    \\"hooks\\": {
      \\"pre-commit\\": \\"lint-staged\\",
      \\"commit-msg\\": \\"commitlint -E HUSKY_GIT_PARAMS\\"
    }
  },
  \\"config\\": {
    \\"commitizen\\": {
      \\"path\\": \\"cz-conventional-changelog\\"
    }
  },
  \\"prettier\\": {
    \\"semi\\": false,
    \\"singleQuote\\": true,
    \\"trailingComma\\": \\"all\\"
  },
  \\"eslintConfig\\": {
    \\"parser\\": \\"babel-eslint\\",
    \\"extends\\": [
      \\"standard\\",
      \\"prettier\\",
      \\"prettier/standard\\"
    ],
    \\"plugins\\": [
      \\"prettier\\"
    ],
    \\"env\\": {
      \\"jest\\": true,
      \\"node\\": true
    },
    \\"rules\\": {
      \\"prettier/prettier\\": [
        \\"error\\",
        {
          \\"semi\\": false,
          \\"singleQuote\\": true,
          \\"trailingComma\\": \\"all\\"
        }
      ]
    }
  },
  \\"eslintIgnore\\": [
    \\"/node_modules\\"
  ],
  \\"devDependencies\\": {
    \\"@commitlint/cli\\": \\"^7.6.1\\",
    \\"@commitlint/config-conventional\\": \\"^7.6.0\\",
    \\"babel-eslint\\": \\"^10.0.1\\",
    \\"commitizen\\": \\"^3.1.1\\",
    \\"cz-conventional-changelog\\": \\"^2.1.0\\",
    \\"eslint\\": \\"^5.16.0\\",
    \\"eslint-config-prettier\\": \\"^4.2.0\\",
    \\"eslint-config-prettier-standard\\": \\"^2.0.0\\",
    \\"eslint-config-standard\\": \\"^12.0.0\\",
    \\"eslint-plugin-import\\": \\"^2.17.2\\",
    \\"eslint-plugin-node\\": \\"^9.0.1\\",
    \\"eslint-plugin-prettier\\": \\"^3.1.0\\",
    \\"eslint-plugin-promise\\": \\"^4.1.1\\",
    \\"eslint-plugin-standard\\": \\"^4.0.0\\",
    \\"husky\\": \\"^2.2.0\\",
    \\"lint-staged\\": \\"^8.1.6\\",
    \\"prettier\\": \\"^1.17.1\\"
  },
  \\"sharec\\": {
    \\"version\\": \\"1.0.0\\"
  }
}"
`;

exports[`commands > install > configuration processing valid cases should merge all configs from target path 6`] = `
Object {
  "bar": Object {
    "bar": Array [
      "foo",
      "bar",
    ],
    "foo": "bar",
  },
  "foo": "bar",
}
`;
