// Jest Snapshot v1, https://goo.gl/fbAQLP

exports[`processors > package > processPackageJson should merge exist package.json with upcoming from configs 1`] = `
Object {
  "config": Object {
    "commitizen": Object {
      "path": "cz-conventional-changelog",
    },
  },
  "dependencies": Object {
    "react": "16.0.0",
  },
  "devDependencies": Object {
    "@commitlint/cli": "^7.6.1",
    "@commitlint/config-conventional": "^7.6.0",
    "babel-eslint": "^10.0.1",
    "commitizen": "^3.1.1",
    "cz-conventional-changelog": "^2.1.0",
    "eslint": "^5.16.0",
    "eslint-config-prettier": "^4.2.0",
    "eslint-config-prettier-standard": "^2.0.0",
    "eslint-config-standard": "^12.0.0",
    "eslint-plugin-import": "^2.17.2",
    "eslint-plugin-node": "^9.0.1",
    "eslint-plugin-prettier": "^3.1.0",
    "eslint-plugin-promise": "^4.1.1",
    "eslint-plugin-standard": "^4.0.0",
    "husky": "^2.2.0",
    "lint-staged": "^8.1.6",
    "prettier": "^1.17.1",
  },
  "eslintConfig": Object {
    "env": Object {
      "jest": true,
      "node": true,
    },
    "extends": Array [
      "standard",
      "prettier",
      "prettier/standard",
    ],
    "parser": "babel-eslint",
    "plugins": Array [
      "prettier",
    ],
    "rules": Object {
      "prettier/prettier": Array [
        "error",
        Object {
          "semi": false,
          "singleQuote": true,
          "trailingComma": "all",
        },
      ],
    },
  },
  "eslintIgnore": Array [
    "/node_modules",
  ],
  "husky": Object {
    "hooks": Object {
      "commit-msg": "commitlint -E HUSKY_GIT_PARAMS",
      "pre-commit": "lint-staged",
    },
  },
  "lint-staged": Object {
    "src/**/*.{js,jsx,json}": Array [
      "eslint --fix",
      "prettier --write",
      "git add",
    ],
  },
  "name": "my-awesome-package",
  "prettier": Object {
    "semi": false,
    "singleQuote": true,
    "trailingComma": "all",
  },
  "scripts": Object {
    "commit": "",
    "lint": "eslint 'src/**/*.{js,jsx,json}'",
    "lint-staged": "lint-staged",
  },
  "sharec": Object {
    "injected": true,
  },
}
`;
